     1                                  ; jump.asm
     2                                  extern printf
     3                                  section .data
     4 00000000 00CA9A3B00000000            number     dq      1000000000
     5 00000008 5468652073756D2066-         fmt        db      "The sum from 0 to %ld is %ld",10,0
     5 00000011 726F6D203020746F20-
     5 0000001A 256C6420697320256C-
     5 00000023 640A00             
     6                                  section .bss
     7                                  section .text
     8                                      global main
     9                                  main:
    10 00000000 55                          push        rbp
    11 00000001 4889E5                      mov         rbp, rsp
    12 00000004 BB00000000                  mov         rbx, 0      ; counter      
    13 00000009 4831C0                      xor         rax, rax    ; sum will be in rax
    14                                      
    15                                  jloop:
    16 0000000C 4801D8                      add         rax, rbx
    17 0000000F 48FFC3                      inc         rbx
    18 00000012 483B1C25[00000000]          cmp         rbx, [number]   ; number reached?
    19 0000001A 7EF0                        jle         jloop           ; not reached so continue
    20                                  
    21 0000001C 48BF-                       mov         rdi, fmt        ; prepare for displaying
    21 0000001E [0800000000000000] 
    22 00000026 488B3425[00000000]          mov         rsi, [number]   ; first printf arg into rsi
    23 0000002E 4889C2                      mov         rdx, rax        ; second printf arg into rdx
    24 00000031 4831C0                      xor         rax, rax        ; clear rax
    25 00000034 E8(00000000)                call        printf
    26 00000039 4889EC                      mov         rsp, rbp
    27 0000003C 5D                          pop         rbp
    28 0000003D C3                          ret
    29                                      
    30                                      
    31                                  
    32                                  
